// Jest Snapshot v1, https://goo.gl/fbAQLP

exports[`Navbar component renders a snapshot properly 1`] = `
<nav
  className="navbar navbar-inverse"
>
  <div
    className="container"
  >
    <div
      className="navbar-header"
    >
      <span
        className="navbar-brand"
      >
        Lend-Invest
      </span>
    </div>
  </div>
</nav>
`;
